(---------------------------------------------------------------------)
(                                                                     )
(    Allegro Netrev Import Logic                                      )
(                                                                     )
(    Drawing          : deska_vystupy.brd                             )
(    Software Version : 16.6-2015S059                                 )
(    Date/Time        : Sat Feb 25 20:59:52 2017                      )
(                                                                     )
(---------------------------------------------------------------------)


------ Directives ------------

Ripup etch:                  No
Ripup delete first segment:  No
Ripup retain bondwire:       No
Ripup symbols:               Always
Missing symbol has error:    No
DRC update:                  Yes
Schematic directory:         'C:\USERS\PAVEL PETRÁÈEK\ONEDRIVE\PØEDMÌTY\APE\LINETRACKINGMOUSE\SCHEME\head'
Design Directory:            '.'
Old design name:             'C:/Users/Pavel Petráèek/OneDrive/Pøedmìty/APE/LineTrackingMouse/PCB/deska_vystupy.brd'
New design name:             'HEAD.brd'

CmdLine: netrev.exe -y 1 -i C:\USERS\PAVEL PETRÁÈEK\ONEDRIVE\PØEDMÌTY\APE\LINETRACKINGMOUSE\SCHEME\head C:\Users\Pavel Petráèek\OneDrive\Pøedmìty\APE\LineTrackingMouse\PCB\deska_vystupy.brd C:\USERS\PAVEL PETRÁÈEK\ONEDRIVE\PØEDMÌTY\APE\LINETRACKINGMOUSE\SCHEME\head\HEAD.brd

------ Preparing to read pst files ------

Starting to read C:/USERS/PAVEL PETRÁÈEK/ONEDRIVE/PØEDMÌTY/APE/LINETRACKINGMOUSE/SCHEME/head/pstchip.dat 
   Finished reading C:/USERS/PAVEL PETRÁÈEK/ONEDRIVE/PØEDMÌTY/APE/LINETRACKINGMOUSE/SCHEME/head/pstchip.dat (00:00:00.06)
Starting to read C:/USERS/PAVEL PETRÁÈEK/ONEDRIVE/PØEDMÌTY/APE/LINETRACKINGMOUSE/SCHEME/head/pstxprt.dat 
   Finished reading C:/USERS/PAVEL PETRÁÈEK/ONEDRIVE/PØEDMÌTY/APE/LINETRACKINGMOUSE/SCHEME/head/pstxprt.dat (00:00:00.00)
Starting to read C:/USERS/PAVEL PETRÁÈEK/ONEDRIVE/PØEDMÌTY/APE/LINETRACKINGMOUSE/SCHEME/head/pstxnet.dat 
   Finished reading C:/USERS/PAVEL PETRÁÈEK/ONEDRIVE/PØEDMÌTY/APE/LINETRACKINGMOUSE/SCHEME/head/pstxnet.dat (00:00:00.00)

------ Oversights/Warnings/Errors ------


#1   WARNING(SPMHNI-192): Device/Symbol check warning detected. [help]

ERROR(SPMHNI-196): Symbol 'JUMPER3' for device 'SW_PB_SPST_JUMPER3_POWER SW' has extra pin '3'.

#2   WARNING(SPMHNI-192): Device/Symbol check warning detected. [help]

ERROR(SPMHNI-196): Symbol 'DIP18_3' for device 'EM78P156EP_DIP18_3_EM78P156EP' has extra pin '5'.

------ Library Paths ------
MODULEPATH =  . 
           C:/OrCAD/OrCAD_16.6_Lite/share/local/pcb/modules 

PSMPATH =  . 
           symbols 
           .. 
           ../symbols 
           C:/OrCAD/OrCAD_16.6_Lite/share/local/pcb/symbols 
           C:/OrCAD/OrCAD_16.6_Lite/share/pcb/pcb_lib/symbols 
           C:/OrCAD/OrCAD_16.6_Lite/share/pcb/allegrolib/symbols 

PADPATH =  . 
           symbols 
           .. 
           ../symbols 
           C:/OrCAD/OrCAD_16.6_Lite/share/local/pcb/padstacks 
           C:/OrCAD/OrCAD_16.6_Lite/share/pcb/pcb_lib/symbols 
           C:/OrCAD/OrCAD_16.6_Lite/share/pcb/allegrolib/symbols 


------ Summary Statistics ------


netrev run on Feb 25 20:59:52 2017
   DESIGN NAME : 'LINE_TRACKING_MOUSE'
   PACKAGING ON Aug  3 2015 18:16:55

   COMPILE 'logic'
   CHECK_PIN_NAMES OFF
   CROSS_REFERENCE OFF
   FEEDBACK OFF
   INCREMENTAL OFF
   INTERFACE_TYPE PHYSICAL
   MAX_ERRORS 500
   MERGE_MINIMUM 5
   NET_NAME_CHARS '#%&()*+-./:=>?@[]^_`|'
   NET_NAME_LENGTH 24
   OVERSIGHTS ON
   REPLACE_CHECK OFF
   SINGLE_NODE_NETS ON
   SPLIT_MINIMUM 0
   SUPPRESS   20
   WARNINGS ON

 No error detected
 No oversight detected
  2 warnings detected

cpu time      0:01:05
elapsed time  0:00:01

